
> mlk-onlinecv@0.0.1 build
> tsc -b && vite build

error TS6305: Output file 'C:/dev-projects/js-projects/templated_online_cv/src/App.d.ts' has not been built from source file 'C:/dev-projects/js-projects/templated_online_cv/src/App.tsx'.
  The file is in the program because:
    Matched by include pattern 'src' in 'C:/dev-projects/js-projects/templated_online_cv/tsconfig.json'
error TS6305: Output file 'C:/dev-projects/js-projects/templated_online_cv/src/classes/cv_data.d.ts' has not been built from source file 'C:/dev-projects/js-projects/templated_online_cv/src/classes/cv_data.ts'.
  The file is in the program because:
    Matched by include pattern 'src' in 'C:/dev-projects/js-projects/templated_online_cv/tsconfig.json'
error TS6305: Output file 'C:/dev-projects/js-projects/templated_online_cv/src/components/resume-base/ResumeActions.d.ts' has not been built from source file 'C:/dev-projects/js-projects/templated_online_cv/src/components/resume-base/ResumeActions.tsx'.
  The file is in the program because:
    Matched by include pattern 'src' in 'C:/dev-projects/js-projects/templated_online_cv/tsconfig.json'
error TS6305: Output file 'C:/dev-projects/js-projects/templated_online_cv/src/components/resume-base/ResumeActionsFooter.d.ts' has not been built from source file 'C:/dev-projects/js-projects/templated_online_cv/src/components/resume-base/ResumeActionsFooter.tsx'.
  The file is in the program because:
    Matched by include pattern 'src' in 'C:/dev-projects/js-projects/templated_online_cv/tsconfig.json'
error TS6305: Output file 'C:/dev-projects/js-projects/templated_online_cv/src/components/single-theme/simple_resume.d.ts' has not been built from source file 'C:/dev-projects/js-projects/templated_online_cv/src/components/single-theme/simple_resume.tsx'.
  The file is in the program because:
    Matched by include pattern 'src' in 'C:/dev-projects/js-projects/templated_online_cv/tsconfig.json'
error TS6305: Output file 'C:/dev-projects/js-projects/templated_online_cv/src/components/single-theme/simple_resume_details.d.ts' has not been built from source file 'C:/dev-projects/js-projects/templated_online_cv/src/components/single-theme/simple_resume_details.tsx'.
  The file is in the program because:
    Matched by include pattern 'src' in 'C:/dev-projects/js-projects/templated_online_cv/tsconfig.json'
error TS6305: Output file 'C:/dev-projects/js-projects/templated_online_cv/src/components/single-theme/simple_resume_header.d.ts' has not been built from source file 'C:/dev-projects/js-projects/templated_online_cv/src/components/single-theme/simple_resume_header.tsx'.
  The file is in the program because:
    Matched by include pattern 'src' in 'C:/dev-projects/js-projects/templated_online_cv/tsconfig.json'
error TS6305: Output file 'C:/dev-projects/js-projects/templated_online_cv/src/components/single-theme/simple_resume_section_education.d.ts' has not been built from source file 'C:/dev-projects/js-projects/templated_online_cv/src/components/single-theme/simple_resume_section_education.tsx'.
  The file is in the program because:
    Matched by include pattern 'src' in 'C:/dev-projects/js-projects/templated_online_cv/tsconfig.json'
error TS6305: Output file 'C:/dev-projects/js-projects/templated_online_cv/src/components/single-theme/simple_resume_section_experience.d.ts' has not been built from source file 'C:/dev-projects/js-projects/templated_online_cv/src/components/single-theme/simple_resume_section_experience.tsx'.
  The file is in the program because:
    Matched by include pattern 'src' in 'C:/dev-projects/js-projects/templated_online_cv/tsconfig.json'
error TS6305: Output file 'C:/dev-projects/js-projects/templated_online_cv/src/components/single-theme/simple_resume_section_interests.d.ts' has not been built from source file 'C:/dev-projects/js-projects/templated_online_cv/src/components/single-theme/simple_resume_section_interests.tsx'.
  The file is in the program because:
    Matched by include pattern 'src' in 'C:/dev-projects/js-projects/templated_online_cv/tsconfig.json'
error TS6305: Output file 'C:/dev-projects/js-projects/templated_online_cv/src/components/single-theme/simple_resume_section_language.d.ts' has not been built from source file 'C:/dev-projects/js-projects/templated_online_cv/src/components/single-theme/simple_resume_section_language.tsx'.
  The file is in the program because:
    Matched by include pattern 'src' in 'C:/dev-projects/js-projects/templated_online_cv/tsconfig.json'
error TS6305: Output file 'C:/dev-projects/js-projects/templated_online_cv/src/components/single-theme/simple_resume_section_projects.d.ts' has not been built from source file 'C:/dev-projects/js-projects/templated_online_cv/src/components/single-theme/simple_resume_section_projects.tsx'.
  The file is in the program because:
    Matched by include pattern 'src' in 'C:/dev-projects/js-projects/templated_online_cv/tsconfig.json'
error TS6305: Output file 'C:/dev-projects/js-projects/templated_online_cv/src/components/single-theme/simple_resume_section_skills.d.ts' has not been built from source file 'C:/dev-projects/js-projects/templated_online_cv/src/components/single-theme/simple_resume_section_skills.tsx'.
  The file is in the program because:
    Matched by include pattern 'src' in 'C:/dev-projects/js-projects/templated_online_cv/tsconfig.json'
error TS6305: Output file 'C:/dev-projects/js-projects/templated_online_cv/src/interfaces/abilities_info.d.ts' has not been built from source file 'C:/dev-projects/js-projects/templated_online_cv/src/interfaces/abilities_info.ts'.
  The file is in the program because:
    Matched by include pattern 'src' in 'C:/dev-projects/js-projects/templated_online_cv/tsconfig.json'
error TS6305: Output file 'C:/dev-projects/js-projects/templated_online_cv/src/interfaces/about_info.d.ts' has not been built from source file 'C:/dev-projects/js-projects/templated_online_cv/src/interfaces/about_info.ts'.
  The file is in the program because:
    Matched by include pattern 'src' in 'C:/dev-projects/js-projects/templated_online_cv/tsconfig.json'
error TS6305: Output file 'C:/dev-projects/js-projects/templated_online_cv/src/interfaces/app_settings_interface.d.ts' has not been built from source file 'C:/dev-projects/js-projects/templated_online_cv/src/interfaces/app_settings_interface.ts'.
  The file is in the program because:
    Matched by include pattern 'src' in 'C:/dev-projects/js-projects/templated_online_cv/tsconfig.json'
error TS6305: Output file 'C:/dev-projects/js-projects/templated_online_cv/src/interfaces/contact_info.d.ts' has not been built from source file 'C:/dev-projects/js-projects/templated_online_cv/src/interfaces/contact_info.ts'.
  The file is in the program because:
    Matched by include pattern 'src' in 'C:/dev-projects/js-projects/templated_online_cv/tsconfig.json'
error TS6305: Output file 'C:/dev-projects/js-projects/templated_online_cv/src/interfaces/details_info.d.ts' has not been built from source file 'C:/dev-projects/js-projects/templated_online_cv/src/interfaces/details_info.ts'.
  The file is in the program because:
    Matched by include pattern 'src' in 'C:/dev-projects/js-projects/templated_online_cv/tsconfig.json'
error TS6305: Output file 'C:/dev-projects/js-projects/templated_online_cv/src/interfaces/education_info.d.ts' has not been built from source file 'C:/dev-projects/js-projects/templated_online_cv/src/interfaces/education_info.ts'.
  The file is in the program because:
    Matched by include pattern 'src' in 'C:/dev-projects/js-projects/templated_online_cv/tsconfig.json'
error TS6305: Output file 'C:/dev-projects/js-projects/templated_online_cv/src/interfaces/experience_info.d.ts' has not been built from source file 'C:/dev-projects/js-projects/templated_online_cv/src/interfaces/experience_info.ts'.
  The file is in the program because:
    Matched by include pattern 'src' in 'C:/dev-projects/js-projects/templated_online_cv/tsconfig.json'
error TS6305: Output file 'C:/dev-projects/js-projects/templated_online_cv/src/interfaces/header_Info.d.ts' has not been built from source file 'C:/dev-projects/js-projects/templated_online_cv/src/interfaces/header_Info.ts'.
  The file is in the program because:
    Matched by include pattern 'src' in 'C:/dev-projects/js-projects/templated_online_cv/tsconfig.json'
error TS6305: Output file 'C:/dev-projects/js-projects/templated_online_cv/src/interfaces/languages_info.d.ts' has not been built from source file 'C:/dev-projects/js-projects/templated_online_cv/src/interfaces/languages_info.ts'.
  The file is in the program because:
    Matched by include pattern 'src' in 'C:/dev-projects/js-projects/templated_online_cv/tsconfig.json'
error TS6305: Output file 'C:/dev-projects/js-projects/templated_online_cv/src/interfaces/personal_info.d.ts' has not been built from source file 'C:/dev-projects/js-projects/templated_online_cv/src/interfaces/personal_info.ts'.
  The file is in the program because:
    Matched by include pattern 'src' in 'C:/dev-projects/js-projects/templated_online_cv/tsconfig.json'
error TS6305: Output file 'C:/dev-projects/js-projects/templated_online_cv/src/interfaces/projects_info.d.ts' has not been built from source file 'C:/dev-projects/js-projects/templated_online_cv/src/interfaces/projects_info.ts'.
  The file is in the program because:
    Matched by include pattern 'src' in 'C:/dev-projects/js-projects/templated_online_cv/tsconfig.json'
error TS6305: Output file 'C:/dev-projects/js-projects/templated_online_cv/src/interfaces/simpleResumeProps.d.ts' has not been built from source file 'C:/dev-projects/js-projects/templated_online_cv/src/interfaces/simpleResumeProps.ts'.
  The file is in the program because:
    Matched by include pattern 'src' in 'C:/dev-projects/js-projects/templated_online_cv/tsconfig.json'
error TS6305: Output file 'C:/dev-projects/js-projects/templated_online_cv/src/interfaces/social_media_info.d.ts' has not been built from source file 'C:/dev-projects/js-projects/templated_online_cv/src/interfaces/social_media_info.ts'.
  The file is in the program because:
    Matched by include pattern 'src' in 'C:/dev-projects/js-projects/templated_online_cv/tsconfig.json'
error TS6305: Output file 'C:/dev-projects/js-projects/templated_online_cv/src/main.d.ts' has not been built from source file 'C:/dev-projects/js-projects/templated_online_cv/src/main.tsx'.
  The file is in the program because:
    Matched by include pattern 'src' in 'C:/dev-projects/js-projects/templated_online_cv/tsconfig.json'
error TS6305: Output file 'C:/dev-projects/js-projects/templated_online_cv/src/store/cvSlice.d.ts' has not been built from source file 'C:/dev-projects/js-projects/templated_online_cv/src/store/cvSlice.ts'.
  The file is in the program because:
    Matched by include pattern 'src' in 'C:/dev-projects/js-projects/templated_online_cv/tsconfig.json'
error TS6305: Output file 'C:/dev-projects/js-projects/templated_online_cv/src/store/cvTypes.d.ts' has not been built from source file 'C:/dev-projects/js-projects/templated_online_cv/src/store/cvTypes.ts'.
  The file is in the program because:
    Matched by include pattern 'src' in 'C:/dev-projects/js-projects/templated_online_cv/tsconfig.json'
error TS6305: Output file 'C:/dev-projects/js-projects/templated_online_cv/src/store/hooks.d.ts' has not been built from source file 'C:/dev-projects/js-projects/templated_online_cv/src/store/hooks.ts'.
  The file is in the program because:
    Matched by include pattern 'src' in 'C:/dev-projects/js-projects/templated_online_cv/tsconfig.json'
error TS6305: Output file 'C:/dev-projects/js-projects/templated_online_cv/src/store/store.d.ts' has not been built from source file 'C:/dev-projects/js-projects/templated_online_cv/src/store/store.ts'.
  The file is in the program because:
    Matched by include pattern 'src' in 'C:/dev-projects/js-projects/templated_online_cv/tsconfig.json'
error TS6305: Output file 'C:/dev-projects/js-projects/templated_online_cv/src/utilities/generateDocx.d.ts' has not been built from source file 'C:/dev-projects/js-projects/templated_online_cv/src/utilities/generateDocx.ts'.
  The file is in the program because:
    Matched by include pattern 'src' in 'C:/dev-projects/js-projects/templated_online_cv/tsconfig.json'
error TS6305: Output file 'C:/dev-projects/js-projects/templated_online_cv/src/utilities/generatePdf.d.ts' has not been built from source file 'C:/dev-projects/js-projects/templated_online_cv/src/utilities/generatePdf.ts'.
  The file is in the program because:
    Matched by include pattern 'src' in 'C:/dev-projects/js-projects/templated_online_cv/tsconfig.json'
error TS6305: Output file 'C:/dev-projects/js-projects/templated_online_cv/src/utilities/getAppSettings.d.ts' has not been built from source file 'C:/dev-projects/js-projects/templated_online_cv/src/utilities/getAppSettings.ts'.
  The file is in the program because:
    Matched by include pattern 'src' in 'C:/dev-projects/js-projects/templated_online_cv/tsconfig.json'
error TS6305: Output file 'C:/dev-projects/js-projects/templated_online_cv/src/utilities/getinfoData.d.ts' has not been built from source file 'C:/dev-projects/js-projects/templated_online_cv/src/utilities/getinfoData.ts'.
  The file is in the program because:
    Matched by include pattern 'src' in 'C:/dev-projects/js-projects/templated_online_cv/tsconfig.json'
error TS6305: Output file 'C:/dev-projects/js-projects/templated_online_cv/src/utilities/parsers/parsers.d.ts' has not been built from source file 'C:/dev-projects/js-projects/templated_online_cv/src/utilities/parsers/parsers.ts'.
  The file is in the program because:
    Matched by include pattern 'src' in 'C:/dev-projects/js-projects/templated_online_cv/tsconfig.json'
error TS6305: Output file 'C:/dev-projects/js-projects/templated_online_cv/src/utilities/single_interfaces.d.ts' has not been built from source file 'C:/dev-projects/js-projects/templated_online_cv/src/utilities/single_interfaces.ts'.
  The file is in the program because:
    Matched by include pattern 'src' in 'C:/dev-projects/js-projects/templated_online_cv/tsconfig.json'
tsconfig.json(4,5): error TS6306: Referenced project 'C:/dev-projects/js-projects/templated_online_cv/tsconfig.app.json' must have setting "composite": true.
tsconfig.json(4,5): error TS6310: Referenced project 'C:/dev-projects/js-projects/templated_online_cv/tsconfig.app.json' may not disable emit.
tsconfig.json(5,5): error TS6306: Referenced project 'C:/dev-projects/js-projects/templated_online_cv/tsconfig.node.json' must have setting "composite": true.
tsconfig.json(5,5): error TS6310: Referenced project 'C:/dev-projects/js-projects/templated_online_cv/tsconfig.node.json' may not disable emit.
